// Jest Snapshot v1, https://goo.gl/fbAQLP

exports[`Recommendation Page transformer transform recommendationが存在する場合 0 1`] = `
Object {
  "recommendation": Object {
    "content": Object {
      "bookSeries": Object {
        "id": "7aff1a3a-2fa9-4467-b392-51aa52c3f5ad",
        "title": "perferendis aspernatur fuga",
      },
      "type": "BookSeries",
    },
    "id": "89bd9d8d-69a6-474e-8f46-7cc8796ed151",
    "recommendsTo": Object {
      "alias": "blanditiis",
      "avatar": "https://cdn.fakercloud.com/avatars/logorado_128.jpg",
      "displayName": "Curt",
      "id": "5dfc2ddf-7cc7-48ca-9ba9-28fc816742cb",
    },
    "score": 64817,
    "updatedAt": "2020-01-08T09:06:47.434Z",
  },
}
`;

exports[`Recommendation Page transformer transform recommendationが存在する場合 1 1`] = `
Object {
  "recommendation": Object {
    "content": Object {
      "bookSeries": Object {
        "id": "ae3e4479-0999-42f9-8b31-86fb7680c80a",
        "title": "eos sint autem",
      },
      "type": "BookSeries",
    },
    "id": "6fbe024f-2316-4265-a6e8-d65a837e308a",
    "recommendsTo": Object {
      "alias": "a",
      "avatar": "https://cdn.fakercloud.com/avatars/koridhandy_128.jpg",
      "displayName": "Hannah",
      "id": "7862f3cc-bfc5-41b8-aded-1d0420ea196a",
    },
    "score": 91396,
    "updatedAt": "2020-06-01T07:35:24.309Z",
  },
}
`;

exports[`Recommendation Page transformer transform recommendationが存在する場合 2 1`] = `
Object {
  "recommendation": Object {
    "content": Object {
      "bookSeries": Object {
        "id": "1f5dd863-0b36-41ef-bf8c-b9bc72f46855",
        "title": "omnis quae recusandae",
      },
      "type": "BookSeries",
    },
    "id": "620e8f67-6552-43b9-9474-a9d8a27892bc",
    "recommendsTo": Object {
      "alias": "rerum",
      "avatar": "https://cdn.fakercloud.com/avatars/joreira_128.jpg",
      "displayName": "Madeline",
      "id": "876d21f8-4146-4112-a799-331c39527537",
    },
    "score": 25849,
    "updatedAt": "2020-11-07T16:49:24.774Z",
  },
}
`;

exports[`Recommendation Page transformer transform recommendationが存在する場合 3 1`] = `
Object {
  "recommendation": Object {
    "content": Object {
      "bookSeries": Object {
        "id": "318d1b77-55b8-4b7b-8b55-da7589d58720",
        "title": "corporis et aut",
      },
      "type": "BookSeries",
    },
    "id": "81bd4189-e6e0-4203-b017-b0277a345a79",
    "recommendsTo": Object {
      "alias": "ut",
      "avatar": "https://cdn.fakercloud.com/avatars/shinze_128.jpg",
      "displayName": "Rahul",
      "id": "c8f46684-4b97-4427-8ccd-443e6be0f2a5",
    },
    "score": 91330,
    "updatedAt": "2020-01-09T18:04:52.668Z",
  },
}
`;

exports[`Recommendation Page transformer transform recommendationが存在する場合 4 1`] = `
Object {
  "recommendation": Object {
    "content": Object {
      "bookSeries": Object {
        "id": "53ac3271-2aef-465d-a6be-56e569ddbdb9",
        "title": "libero dicta beatae",
      },
      "type": "BookSeries",
    },
    "id": "fe82fdb9-b932-4f30-b4e6-ac039d5f9269",
    "recommendsTo": Object {
      "alias": "occaecati",
      "avatar": "https://cdn.fakercloud.com/avatars/antonyryndya_128.jpg",
      "displayName": "Devin",
      "id": "9640afc6-0f0c-4fd7-a711-922dbd6e8dfd",
    },
    "score": 81194,
    "updatedAt": "2020-01-04T06:43:05.476Z",
  },
}
`;

exports[`Recommendation Page transformer transform recommendationが存在する場合 5 1`] = `
Object {
  "recommendation": Object {
    "content": Object {
      "bookSeries": Object {
        "id": "710e1417-40f4-4a3d-b96a-6c4e3ebde1a5",
        "title": "nihil aperiam similique",
      },
      "type": "BookSeries",
    },
    "id": "30dd35ef-7196-4c58-b4f3-c1abd732ce14",
    "recommendsTo": Object {
      "alias": "cumque",
      "avatar": "https://cdn.fakercloud.com/avatars/renbyrd_128.jpg",
      "displayName": "Rosalee",
      "id": "14ea8979-b404-414d-9d2e-2ff8f13f073a",
    },
    "score": 20415,
    "updatedAt": "2020-05-31T04:41:55.747Z",
  },
}
`;

exports[`Recommendation Page transformer transform recommendationが存在する場合 6 1`] = `
Object {
  "recommendation": Object {
    "content": Object {
      "bookSeries": Object {
        "id": "48327c59-b336-458d-898e-7fade2796746",
        "title": "rerum quod voluptatibus",
      },
      "type": "BookSeries",
    },
    "id": "ef53d105-1f91-4896-8579-d7cb68392abf",
    "recommendsTo": Object {
      "alias": "aliquam",
      "avatar": "https://cdn.fakercloud.com/avatars/myastro_128.jpg",
      "displayName": "Paris",
      "id": "76aecd70-ab2c-45b9-b789-11f3633db7f8",
    },
    "score": 91419,
    "updatedAt": "2020-10-26T05:57:28.097Z",
  },
}
`;

exports[`Recommendation Page transformer transform recommendationが存在する場合 7 1`] = `
Object {
  "recommendation": Object {
    "content": Object {
      "bookSeries": Object {
        "id": "69aa8466-0a17-4bc8-abbf-7af024a983df",
        "title": "qui rerum ducimus",
      },
      "type": "BookSeries",
    },
    "id": "13c57fb7-f484-4811-a407-8adc5661a4ae",
    "recommendsTo": Object {
      "alias": "quis",
      "avatar": "https://cdn.fakercloud.com/avatars/johnsmithagency_128.jpg",
      "displayName": "Vallie",
      "id": "57ee40c9-4fd3-428c-af27-86c5a3713779",
    },
    "score": 69403,
    "updatedAt": "2020-03-18T21:15:20.517Z",
  },
}
`;

exports[`Recommendation Page transformer transform recommendationが存在する場合 8 1`] = `
Object {
  "recommendation": Object {
    "content": Object {
      "book": Object {
        "cover": null,
        "id": "af452614-ac1a-471a-92ca-007ec3f99402",
        "title": "ducimus autem amet",
      },
      "type": "Book",
    },
    "id": "d0f3d68d-3609-46c6-a8d7-e828bc6bd906",
    "recommendsTo": Object {
      "alias": "vel",
      "avatar": "https://cdn.fakercloud.com/avatars/quailandquasar_128.jpg",
      "displayName": "Keyon",
      "id": "7fd50341-4fa2-4452-9738-6fe85af10554",
    },
    "score": 35281,
    "updatedAt": "2020-04-15T12:17:50.110Z",
  },
}
`;

exports[`Recommendation Page transformer transform recommendationが存在する場合 9 1`] = `
Object {
  "recommendation": Object {
    "content": Object {
      "book": Object {
        "cover": null,
        "id": "a39dce0c-9517-4296-b972-6edf2eb6b4e5",
        "title": "eaque maiores est",
      },
      "type": "Book",
    },
    "id": "05877025-203e-4623-a165-725e5fb0fbb9",
    "recommendsTo": Object {
      "alias": "ut",
      "avatar": "https://cdn.fakercloud.com/avatars/calebogden_128.jpg",
      "displayName": "Will",
      "id": "2af88bf6-ab9d-4a7c-b6cd-f12181f7a3de",
    },
    "score": 13542,
    "updatedAt": "2020-11-23T18:32:32.654Z",
  },
}
`;
